exports[`test Jest: TmLogo (Snapshot) 1`] = `
<div
  className={undefined} />
`;
