// Jest Snapshot v1, https://goo.gl/fbAQLP

exports[`Jest: TmLogo (Snapshot) 1`] = `
<div
  className={undefined}
/>
`;
